==== [08:58:31] segformer_b0_1024x1024_SIR_14 ====
segformer_b0_1024x1024_SIR_14 rc=0 done [08:59:12]
==== [08:59:12] segformer_b0_1024x512_SIR_26 ====
segformer_b0_1024x512_SIR_26 rc=0 done [08:59:51]
==== [08:59:51] segformer_b0_1024x512_SIR_14 ====
segformer_b0_1024x512_SIR_14 rc=0 done [09:00:30]
==== [09:00:30] segformer_b3_1024x512_SIR_18 ====
segformer_b3_1024x512_SIR_18 rc=0 done [09:01:09]
==== [09:01:09] segformer_b0_1024x1024_SIR_26 ====
segformer_b0_1024x1024_SIR_26 rc=0 done [09:01:47]
==== [09:01:47] segformer_b3_1024x1024_SIR_38 ====
segformer_b3_1024x1024_SIR_38 rc=0 done [09:02:27]
==== [09:02:27] segformer_b3_1024x512_SIR_38 ====
segformer_b3_1024x512_SIR_38 rc=0 done [09:03:07]
==== [09:03:07] segformer_b3_1024x1024_SIR_5 ====
segformer_b3_1024x1024_SIR_5 rc=0 done [09:03:50]
==== [09:03:50] ppyoloe_voc_l_SIR_182 ====
ppyoloe_voc_l_SIR_182 rc=0 done [09:04:41]
==== [09:04:41] segformer_b0_1024x1024_SIR_5 ====
segformer_b0_1024x1024_SIR_5 rc=0 done [09:05:22]
==== [09:05:22] segformer_b3_1024x1024_SIR_18 ====
segformer_b3_1024x1024_SIR_18 rc=0 done [09:06:01]
==== [09:06:01] smalldet_sod_SIR_174 ====
smalldet_sod_SIR_174 rc=0 done [09:06:49]
ALL DONE csv=/work/all_perf_results_100_dy_shape_12.csv rows=13
==== [09:46:49] segformer_b0_1024x1024_SIR_14 ====
segformer_b0_1024x1024_SIR_14 rc=0 done [09:47:54]
==== [09:47:54] segformer_b0_1024x512_SIR_26 ====
segformer_b0_1024x512_SIR_26 rc=0 done [09:49:01]
==== [09:49:01] segformer_b0_1024x512_SIR_14 ====
segformer_b0_1024x512_SIR_14 rc=0 done [09:50:07]
==== [09:50:07] segformer_b3_1024x512_SIR_18 ====
segformer_b3_1024x512_SIR_18 rc=0 done [09:51:12]
==== [09:51:12] segformer_b0_1024x1024_SIR_26 ====
segformer_b0_1024x1024_SIR_26 rc=0 done [09:52:16]
==== [09:52:16] segformer_b3_1024x1024_SIR_38 ====
segformer_b3_1024x1024_SIR_38 rc=0 done [09:53:19]
==== [09:53:19] segformer_b3_1024x512_SIR_38 ====
segformer_b3_1024x512_SIR_38 rc=0 done [09:54:22]
==== [09:54:22] segformer_b3_1024x1024_SIR_5 ====
segformer_b3_1024x1024_SIR_5 rc=0 done [09:55:30]
==== [09:55:30] ppyoloe_voc_l_SIR_182 ====
ppyoloe_voc_l_SIR_182 rc=0 done [09:56:19]
==== [09:56:19] segformer_b0_1024x1024_SIR_5 ====
segformer_b0_1024x1024_SIR_5 rc=0 done [09:57:28]
==== [09:57:28] segformer_b3_1024x1024_SIR_18 ====
segformer_b3_1024x1024_SIR_18 rc=0 done [09:58:40]
==== [09:58:40] smalldet_sod_SIR_174 ====
smalldet_sod_SIR_174 rc=0 done [09:59:28]
ALL DONE csv=/work/all_perf_results_100_dy_shape_12.csv rows=13
