W1009 09:48:04.220872 26537 gpu_resources.cc:114] Please NOTE: device: 0, GPU Compute Capability: 8.0, Driver API Version: 12.0, Runtime API Version: 12.9
INPUTSPEC: [(-1, -1, -1), (), ()]
RESULT dy_eval_perf 0.125080
I1009 09:48:08.060885 26537 auto_layout_pass.cc:66] end IsNeedAllTranspose conv_count_: 0 transpose_count_: 0 transpose_scale_ * transpose_count_: 0
I1009 09:48:08.072252 26537 add_cinn_pass.cc:330] Compiling subgraph with CINN backend ...
W1009 09:48:08.080474 26537 pattern_rewrite_driver.cc:235] The pattern rewrite did not converge after scanning 10 times
W1009 09:48:08.084601 26537 pattern_rewrite_driver.cc:235] The pattern rewrite did not converge after scanning 10 times
I1009 09:48:08.089061 26537 build_cinn_pass.cc:71] Time of building group ops (size=81): 0 min 0 s 3 ms
I1009 09:48:08.170943 26537 add_cinn_pass.cc:355] FusionOp count before lowering : *****[ 10 ]*****
I1009 09:48:35.219667 26537 add_cinn_pass.cc:372] Time of lowering and compiling program: ***** [ 27 ] ***** seconds.
I1009 09:48:35.219750 26537 add_cinn_pass.cc:376] Number of ops in the original program is: 182, after lowering it becomes: 32. (compression ratio: 32/182 = 0.175824)
I1009 09:48:35.228341 26537 pir_interpreter.cc:1601] New Executor is Running ...
I1009 09:48:35.229725 26537 pir_interpreter.cc:1622] pir interpreter is running by trace mode ...
RESULT dy2st_eval_cinn_dynspec_perf 0.078828
I1009 09:48:36.109542 26537 auto_layout_pass.cc:66] end IsNeedAllTranspose conv_count_: 0 transpose_count_: 0 transpose_scale_ * transpose_count_: 0
W1009 09:48:36.124482 26537 pattern_rewrite_driver.cc:235] The pattern rewrite did not converge after scanning 10 times
W1009 09:48:36.126935 26537 pattern_rewrite_driver.cc:235] The pattern rewrite did not converge after scanning 10 times
I1009 09:48:36.129901 26537 build_cinn_pass.cc:71] Time of building group ops (size=75): 0 min 0 s 2 ms
I1009 09:48:36.175127 26537 add_cinn_pass.cc:355] FusionOp count before lowering : *****[ 9 ]*****
I1009 09:48:59.607355 26537 add_cinn_pass.cc:372] Time of lowering and compiling program: ***** [ 23 ] ***** seconds.
I1009 09:48:59.607429 26537 add_cinn_pass.cc:376] Number of ops in the original program is: 114, after lowering it becomes: 31. (compression ratio: 31/114 = 0.27193)
RESULT dy2st_eval_cinn_nospec_perf 0.064512
SUMMARY dy=0.125080 cinn_dyn=0.078828 cinn_static=0.064512 sp_dyn=1.587 sp_static=1.939 dyn_vs_static=0.818
