W1009 09:52:25.704442 27713 gpu_resources.cc:114] Please NOTE: device: 0, GPU Compute Capability: 8.0, Driver API Version: 12.0, Runtime API Version: 12.9
INPUTSPEC: [(-1, -1, -1), (), ()]
RESULT dy_eval_perf 0.101849
I1009 09:52:29.431190 27713 auto_layout_pass.cc:66] end IsNeedAllTranspose conv_count_: 0 transpose_count_: 0 transpose_scale_ * transpose_count_: 0
I1009 09:52:29.441587 27713 add_cinn_pass.cc:330] Compiling subgraph with CINN backend ...
W1009 09:52:29.448829 27713 pattern_rewrite_driver.cc:235] The pattern rewrite did not converge after scanning 10 times
W1009 09:52:29.452611 27713 pattern_rewrite_driver.cc:235] The pattern rewrite did not converge after scanning 10 times
I1009 09:52:29.456555 27713 build_cinn_pass.cc:71] Time of building group ops (size=81): 0 min 0 s 3 ms
I1009 09:52:29.513911 27713 add_cinn_pass.cc:355] FusionOp count before lowering : *****[ 10 ]*****
I1009 09:52:54.079677 27713 add_cinn_pass.cc:372] Time of lowering and compiling program: ***** [ 24 ] ***** seconds.
I1009 09:52:54.079742 27713 add_cinn_pass.cc:376] Number of ops in the original program is: 182, after lowering it becomes: 32. (compression ratio: 32/182 = 0.175824)
I1009 09:52:54.086783 27713 pir_interpreter.cc:1601] New Executor is Running ...
I1009 09:52:54.088006 27713 pir_interpreter.cc:1622] pir interpreter is running by trace mode ...
RESULT dy2st_eval_cinn_dynspec_perf 0.080589
I1009 09:52:54.986110 27713 auto_layout_pass.cc:66] end IsNeedAllTranspose conv_count_: 0 transpose_count_: 0 transpose_scale_ * transpose_count_: 0
W1009 09:52:54.998637 27713 pattern_rewrite_driver.cc:235] The pattern rewrite did not converge after scanning 10 times
W1009 09:52:55.000319 27713 pattern_rewrite_driver.cc:235] The pattern rewrite did not converge after scanning 10 times
I1009 09:52:55.002486 27713 build_cinn_pass.cc:71] Time of building group ops (size=75): 0 min 0 s 1 ms
I1009 09:52:55.044560 27713 add_cinn_pass.cc:355] FusionOp count before lowering : *****[ 9 ]*****
I1009 09:53:16.889302 27713 add_cinn_pass.cc:372] Time of lowering and compiling program: ***** [ 21 ] ***** seconds.
I1009 09:53:16.889351 27713 add_cinn_pass.cc:376] Number of ops in the original program is: 114, after lowering it becomes: 31. (compression ratio: 31/114 = 0.27193)
RESULT dy2st_eval_cinn_nospec_perf 0.066474
SUMMARY dy=0.101849 cinn_dyn=0.080589 cinn_static=0.066474 sp_dyn=1.264 sp_static=1.532 dyn_vs_static=0.825
