W1009 09:53:28.899983 28005 gpu_resources.cc:114] Please NOTE: device: 0, GPU Compute Capability: 8.0, Driver API Version: 12.0, Runtime API Version: 12.9
INPUTSPEC: [(-1, -1, -1), (), ()]
RESULT dy_eval_perf 0.093325
I1009 09:53:32.459043 28005 auto_layout_pass.cc:66] end IsNeedAllTranspose conv_count_: 0 transpose_count_: 0 transpose_scale_ * transpose_count_: 0
I1009 09:53:32.470392 28005 add_cinn_pass.cc:330] Compiling subgraph with CINN backend ...
W1009 09:53:32.479759 28005 pattern_rewrite_driver.cc:235] The pattern rewrite did not converge after scanning 10 times
W1009 09:53:32.485026 28005 pattern_rewrite_driver.cc:235] The pattern rewrite did not converge after scanning 10 times
I1009 09:53:32.490092 28005 build_cinn_pass.cc:71] Time of building group ops (size=81): 0 min 0 s 3 ms
I1009 09:53:32.547254 28005 add_cinn_pass.cc:355] FusionOp count before lowering : *****[ 10 ]*****
I1009 09:53:57.005784 28005 add_cinn_pass.cc:372] Time of lowering and compiling program: ***** [ 24 ] ***** seconds.
I1009 09:53:57.005868 28005 add_cinn_pass.cc:376] Number of ops in the original program is: 182, after lowering it becomes: 32. (compression ratio: 32/182 = 0.175824)
I1009 09:53:57.013314 28005 pir_interpreter.cc:1601] New Executor is Running ...
I1009 09:53:57.014568 28005 pir_interpreter.cc:1622] pir interpreter is running by trace mode ...
RESULT dy2st_eval_cinn_dynspec_perf 0.080175
I1009 09:53:57.908442 28005 auto_layout_pass.cc:66] end IsNeedAllTranspose conv_count_: 0 transpose_count_: 0 transpose_scale_ * transpose_count_: 0
W1009 09:53:57.921149 28005 pattern_rewrite_driver.cc:235] The pattern rewrite did not converge after scanning 10 times
W1009 09:53:57.922863 28005 pattern_rewrite_driver.cc:235] The pattern rewrite did not converge after scanning 10 times
I1009 09:53:57.925045 28005 build_cinn_pass.cc:71] Time of building group ops (size=75): 0 min 0 s 1 ms
I1009 09:53:57.968329 28005 add_cinn_pass.cc:355] FusionOp count before lowering : *****[ 9 ]*****
I1009 09:54:20.446101 28005 add_cinn_pass.cc:372] Time of lowering and compiling program: ***** [ 22 ] ***** seconds.
I1009 09:54:20.446173 28005 add_cinn_pass.cc:376] Number of ops in the original program is: 114, after lowering it becomes: 31. (compression ratio: 31/114 = 0.27193)
RESULT dy2st_eval_cinn_nospec_perf 0.066977
SUMMARY dy=0.093325 cinn_dyn=0.080175 cinn_static=0.066977 sp_dyn=1.164 sp_static=1.393 dyn_vs_static=0.835
