W1009 09:54:32.603863 28293 gpu_resources.cc:114] Please NOTE: device: 0, GPU Compute Capability: 8.0, Driver API Version: 12.0, Runtime API Version: 12.9
INPUTSPEC: [(-1, -1, -1), (), ()]
RESULT dy_eval_perf 0.199401
I1009 09:54:37.338601 28293 auto_layout_pass.cc:66] end IsNeedAllTranspose conv_count_: 0 transpose_count_: 0 transpose_scale_ * transpose_count_: 0
I1009 09:54:37.348942 28293 add_cinn_pass.cc:330] Compiling subgraph with CINN backend ...
W1009 09:54:37.356099 28293 pattern_rewrite_driver.cc:235] The pattern rewrite did not converge after scanning 10 times
W1009 09:54:37.359488 28293 pattern_rewrite_driver.cc:235] The pattern rewrite did not converge after scanning 10 times
I1009 09:54:37.363332 28293 build_cinn_pass.cc:71] Time of building group ops (size=81): 0 min 0 s 2 ms
I1009 09:54:37.420480 28293 add_cinn_pass.cc:355] FusionOp count before lowering : *****[ 10 ]*****
I1009 09:55:02.864943 28293 add_cinn_pass.cc:372] Time of lowering and compiling program: ***** [ 25 ] ***** seconds.
I1009 09:55:02.865008 28293 add_cinn_pass.cc:376] Number of ops in the original program is: 182, after lowering it becomes: 32. (compression ratio: 32/182 = 0.175824)
I1009 09:55:02.871969 28293 pir_interpreter.cc:1601] New Executor is Running ...
I1009 09:55:02.873229 28293 pir_interpreter.cc:1622] pir interpreter is running by trace mode ...
RESULT dy2st_eval_cinn_dynspec_perf 0.156697
I1009 09:55:04.535645 28293 auto_layout_pass.cc:66] end IsNeedAllTranspose conv_count_: 0 transpose_count_: 0 transpose_scale_ * transpose_count_: 0
W1009 09:55:04.548199 28293 pattern_rewrite_driver.cc:235] The pattern rewrite did not converge after scanning 10 times
W1009 09:55:04.549834 28293 pattern_rewrite_driver.cc:235] The pattern rewrite did not converge after scanning 10 times
I1009 09:55:04.552011 28293 build_cinn_pass.cc:71] Time of building group ops (size=75): 0 min 0 s 1 ms
I1009 09:55:04.593683 28293 add_cinn_pass.cc:355] FusionOp count before lowering : *****[ 9 ]*****
I1009 09:55:26.990463 28293 add_cinn_pass.cc:372] Time of lowering and compiling program: ***** [ 22 ] ***** seconds.
I1009 09:55:26.990538 28293 add_cinn_pass.cc:376] Number of ops in the original program is: 114, after lowering it becomes: 31. (compression ratio: 31/114 = 0.27193)
RESULT dy2st_eval_cinn_nospec_perf 0.139012
SUMMARY dy=0.199401 cinn_dyn=0.156697 cinn_static=0.139012 sp_dyn=1.273 sp_static=1.434 dyn_vs_static=0.887
